 libCore.so  libDataFormatsProvenance.so  libDataFormatsTrackReco.so  libDataFormatsTrackingRecHit.so  libDataFormatsHepMCCandidate.so  libDataFormatsDTRecHit.so  libDataFormatsCSCRecHit.so  libDataFormatsMuonReco.so  libDataFormatsSiStripDigi.so  libDataFormatsCommon.so  libAnalysisDataFormatsSUSYBSMObjects.so  libDataFormatsMETReco.so  libDataFormatsHLTReco.so  libSimDataFormatsPileupSummaryInfo.so  libRIO.so  libDataFormatsStdDictionaries.so  libDataFormatsCandidate.so  libDataFormatsGsfTrackReco.so  libDataFormatsEgammaReco.so  libDataFormatsDetId.so  libDataFormatsCaloTowers.so  libDataFormatsEcalRecHit.so  libDataFormatsSiPixelDigi.so  libDataFormatsSiPixelCluster.so  libDataFormatsSiStripCluster.so  libDataFormatsVertexReco.so  libDataFormatsFWLite.so  libFWCoreCommon.so  libPhysicsToolsUtilities.so  libFWCoreFWLite.so  libDataFormatsBeamSpot.so  libDataFormatsTrajectorySeed.so  libTree.so  libSmatrix.so  libGenVector.so  libDataFormatsMath.so  libDataFormatsCLHEP.so  libDataFormatsGeometrySurface.so  libDataFormatsGeometryVector.so  libTrackingToolsPatternTools.so  libDataFormatsTrajectoryState.so  libSimDataFormatsGeneratorProducts.so  libDataFormatsRecoCandidate.so  libDataFormatsMuonDetId.so  libDataFormatsCaloRecHit.so  libDataFormatsEcalDigi.so  libDataFormatsSiStripDetId.so  libFWCoreMessageLogger.so  libHist.so  libMatrix.so  libGpad.so  libGraf.so  libTreePlayer.so  libNet.so  libDCache.so  libMathCore.so  libPhysics.so
# Now the list of classes
